Search results:

Solution 1:
V:K -->
x ~> HOLE, .Exps ~> 2, HOLE ~> assignTo ( x, y , HOLE ) ~> y ~> env ( x |-> 1 
  ) ~> env ( .Map )
