Search results:

Solution 1:
V:K -->
int

Solution 2:
V:K -->
int -> int = bool -> bool
