Search results:

Solution 1:
<T>
    <threads>
        <thread>
            <k>
                .K
            </k>
            <env>
                t1 |-> 2
                t2 |-> 4
                x |-> 1
            </env>
            <id>
                0
            </id>
        </thread>
        <thread>
            <k>
                .K
            </k>
            <env>
                t1 |-> 2
                t2 |-> 4
                x |-> 1
            </env>
            <id>
                5
            </id>
        </thread>
        <thread>
            <k>
                .K
            </k>
            <env>
                t1 |-> 2
                x |-> 1
            </env>
            <id>
                3
            </id>
        </thread>
    </threads>
    <store>
        1 |-> 11
        2 |-> 3
        4 |-> 5
    </store>
    <in>
        ListItem(#buffer ( "" ))
    </in>
    <out>
        ListItem(#buffer ( "x = 11\n" ))
    </out>
</T>

Solution 2:
<T>
    <threads>
        <thread>
            <k>
                .K
            </k>
            <env>
                t1 |-> 2
                t2 |-> 4
                x |-> 1
            </env>
            <id>
                0
            </id>
        </thread>
        <thread>
            <k>
                .K
            </k>
            <env>
                t1 |-> 2
                t2 |-> 4
                x |-> 1
            </env>
            <id>
                5
            </id>
        </thread>
        <thread>
            <k>
                .K
            </k>
            <env>
                t1 |-> 2
                x |-> 1
            </env>
            <id>
                3
            </id>
        </thread>
    </threads>
    <store>
        1 |-> 16
        2 |-> 3
        4 |-> 5
    </store>
    <in>
        ListItem(#buffer ( "" ))
    </in>
    <out>
        ListItem(#buffer ( "x = 16\n" ))
    </out>
</T>

Solution 3:
<T>
    <threads>
        <thread>
            <k>
                .K
            </k>
            <env>
                t1 |-> 2
                t2 |-> 4
                x |-> 1
            </env>
            <id>
                0
            </id>
        </thread>
        <thread>
            <k>
                .K
            </k>
            <env>
                t1 |-> 2
                t2 |-> 4
                x |-> 1
            </env>
            <id>
                5
            </id>
        </thread>
        <thread>
            <k>
                .K
            </k>
            <env>
                t1 |-> 2
                x |-> 1
            </env>
            <id>
                3
            </id>
        </thread>
    </threads>
    <store>
        1 |-> 21
        2 |-> 3
        4 |-> 5
    </store>
    <in>
        ListItem(#buffer ( "" ))
    </in>
    <out>
        ListItem(#buffer ( "x = 21\n" ))
    </out>
</T>

Solution 4:
<T>
    <threads>
        <thread>
            <k>
                .K
            </k>
            <env>
                t1 |-> 2
                t2 |-> 4
                x |-> 1
            </env>
            <id>
                0
            </id>
        </thread>
        <thread>
            <k>
                .K
            </k>
            <env>
                t1 |-> 2
                t2 |-> 4
                x |-> 1
            </env>
            <id>
                5
            </id>
        </thread>
        <thread>
            <k>
                .K
            </k>
            <env>
                t1 |-> 2
                x |-> 1
            </env>
            <id>
                3
            </id>
        </thread>
    </threads>
    <store>
        1 |-> 33
        2 |-> 3
        4 |-> 5
    </store>
    <in>
        ListItem(#buffer ( "" ))
    </in>
    <out>
        ListItem(#buffer ( "x = 33\n" ))
    </out>
</T>
